// Jest Snapshot v1, https://goo.gl/fbAQLP

exports[`renders demo correctly 1`] = `
<div class="demo badge">
  <div class="byted-header--wrapper">
    <div class="byted-header byted-header--default byted-header--fixed byted-hairline--bottom">
      <div class="byted-header__left"><i class="byted-header__icon" style="width: 1.2rem; height: 1.2rem;">test-file-stub</i></div>
      <div class="byted-header__title">
        <div></div>
      </div>
      <div class="byted-header__right"></div>
    </div>
  </div>
  <div>
    <div class="byted-badge" style="padding-left: 1rem;">
      <div class="square"></div><sup class="byted-badge__info byted-badge__info--is-dot"></sup>
    </div>
    <div class="byted-badge" style="padding-left: 1rem;">
      <div class="square"></div><sup class="byted-badge__info">2</sup>
    </div>
    <div class="byted-badge" style="padding-left: 1rem;">
      <div class="square"></div><sup class="byted-badge__info">999+</sup>
    </div>
    <div class="byted-badge" style="padding-left: 1rem;">
      <div class="square"></div><sup class="byted-badge__info">Hot</sup>
    </div>
  </div>
  <div>
    <div class="byted-badge" style="padding-left: 1rem;">
      <div class="square"></div><sup class="byted-badge__info">9+</sup>
    </div>
    <div class="byted-badge" style="padding-left: 1rem;">
      <div class="square"></div><sup class="byted-badge__info">60+</sup>
    </div>
    <div class="byted-badge" style="padding-left: 1rem;">
      <div class="square"></div><sup class="byted-badge__info">99+</sup>
    </div>
  </div>
  <div>
    <div class="byted-collapse">
      <div class="byted-collapse-item">
        <div class="byted-cell byted-cell--clickable byted-collapse-item__title">
          <div class="byted-cell__title">
            <div>
              <div class="byted-badge"><span></span><sup class="byted-badge__info">8</sup></div>
            </div>
          </div>
          <div class="right-slot"><i class="byted-icon byted-icon--right" style="fill: #999; width: 18px; height: 18px;">test-file-stub</i></div>
        </div>
      </div>
      <div class="byted-collapse-item byted-hairline--top">
        <div class="byted-cell byted-cell--clickable byted-collapse-item__title">
          <div class="byted-cell__title">
            <div>
              <div class="byted-badge"><span></span><sup class="byted-badge__info">99+</sup></div>
            </div>
          </div>
          <div class="right-slot"><i class="byted-icon byted-icon--right" style="fill: #999; width: 18px; height: 18px;">test-file-stub</i></div>
        </div>
      </div>
    </div>
  </div>
</div>
`;
