// Jest Snapshot v1, https://goo.gl/fbAQLP

exports[`renders demo correctly 1`] = `
<div class="demo button">
  <div class="o-header--wrapper">
    <div class="o-header o-header--default o-header--fixed o-hairline--bottom">
      <div class="o-header__left"><i class="o-header__icon" style="width: 1.2rem; height: 1.2rem;">test-file-stub</i></div>
      <div class="o-header__title">
        <div></div>
      </div>
      <div class="o-header__right"></div>
    </div>
  </div>
  <div>
    <div class="o-button o-button--primary o-button--large"></div>
    <div class="o-button o-button--danger o-button--large"></div>
    <div class="o-button o-button--warning o-button--large"></div>
    <div class="o-button o-button--success o-button--large"></div>
    <div class="o-button o-button--default o-button--large"></div>
  </div>
  <div>
    <div class="o-button o-button--primary o-button--large o-button--plain o-hairline--surround"></div>
    <div class="o-button o-button--success o-button--large o-button--plain o-hairline--surround"></div>
  </div>
  <div>
    <div class="o-button o-button--primary o-button--large o-button--plain o-button--fade o-hairline--surround"></div>
    <div class="o-button o-button--success o-button--large o-button--plain o-button--fade o-hairline--surround"></div>
  </div>
  <div>
    <div class="o-button o-button--primary o-button--large o-button--square"></div>
    <div class="o-button o-button--primary o-button--large o-button--round"></div>
  </div>
  <div>
    <div class="o-button o-button--primary o-button--large o-button--disabled"></div>
    <div class="o-button o-button--success o-button--large o-button--disabled"></div>
  </div>
  <div>
    <div class="o-button o-button--primary o-button--large">
      <div class="o-loading o-button__loading"><i class="o-loading__icon o-loading-circle">test-file-stub</i></div>
    </div>
    <div class="o-button o-button--primary o-button--large o-button--plain o-hairline--surround">
      <div class="o-loading o-button__loading"><i class="o-loading__icon o-loading-circle">test-file-stub</i></div>
    </div>
    <div class="o-button o-button--primary o-button--large o-button--plain o-button--fade o-hairline--surround">
      <div class="o-loading o-button__loading"><i class="o-loading__icon o-loading-circle">test-file-stub</i></div>
    </div>
  </div>
  <div>
    <div class="o-button o-button--primary o-button--large"><img src="../../icon/icon/add.svg" alt="" height="16px" width="16px"> <span></span></div>
    <div class="o-button o-button--primary o-button--large o-button--plain o-button--fade o-hairline--surround"><img src="../../icon/icon/addColored.svg" alt="" height="16px" width="16px"> <span></span></div>
    <div class="o-button o-button--primary o-button--large o-button--plain o-button--fade o-hairline--surround"><img src="../../icon/icon/addColored.svg" alt="" height="16px" width="16px"> <span></span></div>
  </div>
  <div>
    <div class="o-button o-button--text o-button--large"></div>
  </div>
  <div class="dome-size">
    <div class="dome-size-content"><span class="dome-size-content_title">尺寸</span>
      <div class="dome-size-content_slider">
        <div class="dome-slider">
          <div class="dome-slider-container">
            <div class="popover" style="display: none;"><span class="content">large</span>
              <div class="popover-arrow"></div>
            </div>
            <div class="dome-slider-button" style="left: 100%;"></div>
            <div class="dome-slider-active" style="width: 100%;"></div>
            <div class="slider-stop slider-stop-active" style="left: 0px;"></div>
            <div class="slider-stop slider-stop-active" style="left: 25%;"></div>
            <div class="slider-stop slider-stop-active" style="left: 50%;"></div>
            <div class="slider-stop slider-stop-active" style="left: 75%;"></div>
            <div class="slider-stop slider-stop-active" style="left: 100%;"></div>
          </div>
        </div>
      </div>
    </div>
    <div class="dome-size-icon"><img src="test-file-stub" alt="" class="svg-icon-close" style="display: none;"> <img src="test-file-stub" alt="" class="svg-icon-transfer"></div>
  </div>
</div>
`;
