// Jest Snapshot v1, https://goo.gl/fbAQLP

exports[`renders demo correctly 1`] = `
<div class="demo button">
  <div class="byted-header--wrapper">
    <div class="byted-header byted-header--default byted-header--fixed byted-hairline--bottom">
      <div class="byted-header__left"><i class="byted-header__icon" style="width: 1.2rem; height: 1.2rem;">test-file-stub</i></div>
      <div class="byted-header__title">
        <div></div>
      </div>
      <div class="byted-header__right"></div>
    </div>
  </div>
  <div>
    <div class="byted-button byted-button--primary byted-button--large"></div>
    <div class="byted-button byted-button--danger byted-button--large"></div>
    <div class="byted-button byted-button--warning byted-button--large"></div>
    <div class="byted-button byted-button--success byted-button--large"></div>
    <div class="byted-button byted-button--default byted-button--large"></div>
  </div>
  <div>
    <div class="byted-button byted-button--primary byted-button--large byted-button--plain byted-hairline--surround"></div>
    <div class="byted-button byted-button--success byted-button--large byted-button--plain byted-hairline--surround"></div>
  </div>
  <div>
    <div class="byted-button byted-button--primary byted-button--large byted-button--plain byted-button--fade byted-hairline--surround"></div>
    <div class="byted-button byted-button--success byted-button--large byted-button--plain byted-button--fade byted-hairline--surround"></div>
  </div>
  <div>
    <div class="byted-button byted-button--primary byted-button--large byted-button--square"></div>
    <div class="byted-button byted-button--primary byted-button--large byted-button--round"></div>
  </div>
  <div>
    <div class="byted-button byted-button--primary byted-button--large byted-button--disabled"></div>
    <div class="byted-button byted-button--success byted-button--large byted-button--disabled"></div>
  </div>
  <div>
    <div class="byted-button byted-button--primary byted-button--large">
      <div class="byted-loading byted-button__loading"><i class="byted-loading__icon byted-loading-circle">test-file-stub</i></div>
    </div>
    <div class="byted-button byted-button--primary byted-button--large byted-button--plain byted-hairline--surround">
      <div class="byted-loading byted-button__loading"><i class="byted-loading__icon byted-loading-circle">test-file-stub</i></div>
    </div>
    <div class="byted-button byted-button--primary byted-button--large byted-button--plain byted-button--fade byted-hairline--surround">
      <div class="byted-loading byted-button__loading"><i class="byted-loading__icon byted-loading-circle">test-file-stub</i></div>
    </div>
  </div>
  <div>
    <div class="byted-button byted-button--primary byted-button--large"><img src="../../icon/icon/add.svg" alt="" height="16px" width="16px"> <span></span></div>
    <div class="byted-button byted-button--primary byted-button--large byted-button--plain byted-button--fade byted-hairline--surround"><img src="../../icon/icon/addColored.svg" alt="" height="16px" width="16px"> <span></span></div>
    <div class="byted-button byted-button--primary byted-button--large byted-button--plain byted-button--fade byted-hairline--surround"><img src="../../icon/icon/addColored.svg" alt="" height="16px" width="16px"> <span></span></div>
  </div>
  <div>
    <div class="byted-button byted-button--text byted-button--large"></div>
  </div>
  <div class="dome-size">
    <div class="dome-size-content"><span class="dome-size-content_title">尺寸</span>
      <div class="dome-size-content_slider">
        <div class="dome-slider">
          <div class="dome-slider-container">
            <div class="popover" style="display: none;"><span class="content">large</span>
              <div class="popover-arrow"></div>
            </div>
            <div class="dome-slider-button" style="left: 100%;"></div>
            <div class="dome-slider-active" style="width: 100%;"></div>
            <div class="slider-stop slider-stop-active" style="left: 0px;"></div>
            <div class="slider-stop slider-stop-active" style="left: 25%;"></div>
            <div class="slider-stop slider-stop-active" style="left: 50%;"></div>
            <div class="slider-stop slider-stop-active" style="left: 75%;"></div>
            <div class="slider-stop slider-stop-active" style="left: 100%;"></div>
          </div>
        </div>
      </div>
    </div>
    <div class="dome-size-icon"><img src="test-file-stub" alt="" class="svg-icon-close" style="display: none;"> <img src="test-file-stub" alt="" class="svg-icon-transfer"></div>
  </div>
</div>
`;
