// Jest Snapshot v1, https://goo.gl/fbAQLP

exports[`Button renders props.msg when passed 1`] = `
<div class="byted-button byted-button--default byted-button--normal">
  <div class="byted-loading byted-button__loading"><i class="byted-loading__icon byted-loading-circle">test-file-stub</i></div>
</div>
`;
