// Jest Snapshot v1, https://goo.gl/fbAQLP

exports[`renders demo correctly 1`] = `
<div class="demo">
  <div class="o-header--wrapper">
    <div class="o-header o-header--default o-header--fixed o-hairline--bottom">
      <div class="o-header__left"><i class="o-header__icon" style="width: 1.2rem; height: 1.2rem;">test-file-stub</i></div>
      <div class="o-header__title">
        <div></div>
      </div>
      <div class="o-header__right"></div>
    </div>
  </div>
  <div>
    <div class="o-checkbox-group"><label class="o-checkbox o-checkbox--normal  o-checkbox--checked"><i class="o-icon o-icon--check-one o-checkbox__icon">test-file-stub</i><span class="o-checkbox__label">  1 </span><input type="checkbox" class="o-checkbox__input" value="1"></label> <label class="o-checkbox o-checkbox--normal"><i class="o-icon o-icon--square-uncheck o-checkbox__icon"></i><span class="o-checkbox__label">  2 </span><input type="checkbox" class="o-checkbox__input" value="2"></label></div>
  </div>
  <div>
    <div class="o-checkbox-group"><label class="o-checkbox o-checkbox--normal  o-checkbox--disabled"><i class="o-icon o-icon--radio-uncheck o-checkbox__icon"></i><span class="o-checkbox__label">  1 </span><input type="checkbox" disabled="disabled" class="o-checkbox__input" value="1"></label> <label class="o-checkbox o-checkbox--normal  o-checkbox--checked"><i class="o-icon o-icon--square-check-one o-checkbox__icon">test-file-stub</i><span class="o-checkbox__label">  2 </span><input type="checkbox" class="o-checkbox__input" value="2"></label></div>
  </div>
  <div>
    <div class="o-checkbox-group"><label class="o-checkbox o-checkbox--small"><i class="o-icon o-icon--radio-uncheck o-checkbox__icon"></i><span class="o-checkbox__label"></span><input type="checkbox" class="o-checkbox__input" value=""></label> <label class="o-checkbox o-checkbox--normal"><i class="o-icon o-icon--radio-uncheck o-checkbox__icon"></i><span class="o-checkbox__label"></span><input type="checkbox" class="o-checkbox__input" value=""></label> <label class="o-checkbox o-checkbox--large"><i class="o-icon o-icon--radio-uncheck o-checkbox__icon"></i><span class="o-checkbox__label"></span><input type="checkbox" class="o-checkbox__input" value=""></label></div>
  </div>
  <div>
    <div class="o-checkbox-group"><label class="o-checkbox o-checkbox--normal"><i class="o-icon o-icon--radio-uncheck o-checkbox__icon"></i><span class="o-checkbox__label">
         1
      </span><input type="checkbox" class="o-checkbox__input" value="1"></label><label class="o-checkbox o-checkbox--normal  o-checkbox--checked"><i class="o-icon o-icon--check-one o-checkbox__icon">test-file-stub</i><span class="o-checkbox__label">
         2
      </span><input type="checkbox" class="o-checkbox__input" value="2"></label><label class="o-checkbox o-checkbox--normal"><i class="o-icon o-icon--radio-uncheck o-checkbox__icon"></i><span class="o-checkbox__label">
         3
      </span><input type="checkbox" class="o-checkbox__input" value="3"></label><label class="o-checkbox o-checkbox--normal  o-checkbox--checked"><i class="o-icon o-icon--check-one o-checkbox__icon">test-file-stub</i><span class="o-checkbox__label">
         4
      </span><input type="checkbox" class="o-checkbox__input" value="4"></label><label class="o-checkbox o-checkbox--normal"><i class="o-icon o-icon--radio-uncheck o-checkbox__icon"></i><span class="o-checkbox__label">
         5
      </span><input type="checkbox" class="o-checkbox__input" value="5"></label><label class="o-checkbox o-checkbox--normal"><i class="o-icon o-icon--radio-uncheck o-checkbox__icon"></i><span class="o-checkbox__label">
         6
      </span><input type="checkbox" class="o-checkbox__input" value="6"></label></div>
  </div>
  <div>
    <div class="o-checkbox-group">
      <div class="o-cell o-cell--clickable o-cell--normal" style="padding: 2px 9px;">
        <div class="o-cell__value o-cell__value--alone"><label class="o-checkbox o-checkbox--normal"><i class="o-icon o-icon--radio-uncheck o-checkbox__icon"></i><span class="o-checkbox__label">  1 </span><input type="checkbox" class="o-checkbox__input" value="1"></label></div>
      </div>
      <div class="o-cell o-cell--clickable o-cell--normal" style="padding: 2px 9px;">
        <div class="o-cell__value o-cell__value--alone"><label class="o-checkbox o-checkbox--normal"><i class="o-icon o-icon--radio-uncheck o-checkbox__icon"></i><span class="o-checkbox__label">  2 </span><input type="checkbox" class="o-checkbox__input" value="2"></label></div>
      </div>
    </div>
  </div>
  <div class="dome-size">
    <div class="dome-size-content"><span class="dome-size-content_title">尺寸</span>
      <div class="dome-size-content_slider">
        <div class="dome-slider">
          <div class="dome-slider-container">
            <div class="popover" style="display: none;"><span class="content">normal</span>
              <div class="popover-arrow"></div>
            </div>
            <div class="dome-slider-button" style="left: 50%;"></div>
            <div class="dome-slider-active" style="width: 50%;"></div>
            <div class="slider-stop slider-stop-active" style="left: 0px;"></div>
            <div class="slider-stop slider-stop-active" style="left: 50%;"></div>
            <div class="slider-stop" style="left: 100%;"></div>
          </div>
        </div>
      </div>
    </div>
    <div class="dome-size-icon"><img src="test-file-stub" alt="" class="svg-icon-close" style="display: none;"> <img src="test-file-stub" alt="" class="svg-icon-transfer"></div>
  </div>
</div>
`;
