// Jest Snapshot v1, https://goo.gl/fbAQLP

exports[`collapse render collapse-item slot 1`] = `
<div class="o-collapse o-hairline--top-bottom">
  <div class="o-collapse-item">
    <div class="o-cell o-cell--clickable o-collapse-item__title">
      <div class="o-cell__title">this is title</div>
      <div class="o-cell__value">this is value</div>自定义右侧按钮，默认是arrow
    </div>
  </div>
</div>
`;
