// Jest Snapshot v1, https://goo.gl/fbAQLP

exports[`renders demo correctly 1`] = `
<div class="demo">
  <div class="byted-header--wrapper">
    <div class="byted-header byted-header--default byted-header--fixed byted-hairline--bottom">
      <div class="byted-header__left"><i class="byted-header__icon" style="width: 1.2rem; height: 1.2rem;">test-file-stub</i></div>
      <div class="byted-header__title">
        <div></div>
      </div>
      <div class="byted-header__right"></div>
    </div>
  </div>
  <div>
    <div class="byted-collapse byted-hairline--top-bottom">
      <div class="byted-collapse-item">
        <div class="byted-cell byted-cell--clickable byted-collapse-item__title byted-collapse-item__title--expanded">
          <div class="byted-cell__title"><span></span></div><i class="byted-cell__right-icon">test-file-stub</i>
        </div>
        <div class="byted-collapse-item__wrapper">
          <div class="byted-collapse-item__content"></div>
        </div>
      </div>
      <div class="byted-collapse-item byted-hairline--top">
        <div class="byted-cell byted-cell--clickable byted-collapse-item__title">
          <div class="byted-cell__title"><span></span></div><i class="byted-cell__right-icon">test-file-stub</i>
        </div>
      </div>
      <div class="byted-collapse-item byted-hairline--top">
        <div class="byted-cell byted-cell--clickable byted-collapse-item__title">
          <div class="byted-cell__title"><span></span></div><i class="byted-cell__right-icon">test-file-stub</i>
        </div>
      </div>
    </div>
  </div>
  <div>
    <div class="byted-collapse byted-hairline--top-bottom">
      <div class="byted-collapse-item">
        <div class="byted-cell byted-cell--clickable byted-collapse-item__title byted-collapse-item__title--expanded">
          <div class="byted-cell__title"><span></span></div><i class="byted-cell__right-icon">test-file-stub</i>
        </div>
        <div class="byted-collapse-item__wrapper">
          <div class="byted-collapse-item__content"></div>
        </div>
      </div>
      <div class="byted-collapse-item byted-hairline--top">
        <div class="byted-cell byted-cell--clickable byted-collapse-item__title">
          <div class="byted-cell__title"><span></span></div><i class="byted-cell__right-icon">test-file-stub</i>
        </div>
      </div>
      <div class="byted-collapse-item byted-hairline--top">
        <div class="byted-cell byted-cell--clickable byted-collapse-item__title">
          <div class="byted-cell__title"><span></span></div><i class="byted-cell__right-icon">test-file-stub</i>
        </div>
      </div>
    </div>
  </div>
  <div>
    <div class="byted-collapse byted-hairline--top-bottom">
      <div class="byted-collapse-item">
        <div class="byted-cell byted-cell--clickable byted-collapse-item__title byted-collapse-item__title--expanded">
          <div class="byted-cell__title"><span></span></div><i class="byted-cell__right-icon">test-file-stub</i>
        </div>
        <div class="byted-collapse-item__wrapper">
          <div class="byted-collapse-item__content"></div>
        </div>
      </div>
      <div class="byted-collapse-item byted-hairline--top">
        <div class="byted-cell byted-cell--clickable byted-collapse-item__title byted-collapse-item__title--disabled">
          <div class="byted-cell__title"><span></span></div><i class="byted-cell__right-icon">test-file-stub</i>
        </div>
      </div>
      <div class="byted-collapse-item byted-hairline--top">
        <div class="byted-cell byted-cell--clickable byted-collapse-item__title byted-collapse-item__title--disabled">
          <div class="byted-cell__title"><span></span></div><i class="byted-cell__right-icon">test-file-stub</i>
        </div>
      </div>
    </div>
  </div>
  <div>
    <div class="byted-collapse byted-hairline--top-bottom">
      <div class="byted-collapse-item">
        <div class="byted-cell byted-cell--clickable byted-collapse-item__title">
          <div class="byted-cell__title"><img src="../../../../svg/cell.svg" alt="" width="17px" height="17px" style="margin-right: 6px; vertical-align: middle;"> <span style="vertical-align: middle;"></span></div><i class="byted-cell__right-icon">test-file-stub</i>
        </div>
      </div>
      <div class="byted-collapse-item byted-hairline--top">
        <div class="byted-cell byted-cell--clickable byted-collapse-item__title">
          <div class="byted-cell__title"><span></span></div>
          <div class="byted-cell__value byted-cell__value--alone"><span></span></div><i class="byted-cell__right-icon">test-file-stub</i>
        </div>
      </div>
    </div>
  </div>
</div>
`;
