// Jest Snapshot v1, https://goo.gl/fbAQLP

exports[`renders demo correctly 1`] = `
<div class="demo">
  <div class="byted-header--wrapper">
    <div class="byted-header byted-header--default byted-header--fixed byted-hairline--bottom">
      <div class="byted-header__left"><i class="byted-header__icon" style="width: 1.2rem; height: 1.2rem;">test-file-stub</i></div>
      <div class="byted-header__title">
        <div></div>
      </div>
      <div class="byted-header__right"></div>
    </div>
  </div>
  <div>
    <div class="byted-dropdown byted-hairline--top-bottom">
      <div class="byted-dropdown__item"><span class="byted-dropdown__title" style="color: rgb(51, 51, 51);"><div class="byted-ellipsis"></div></span></div>
      <div class="byted-dropdown__item"><span class="byted-dropdown__title" style="color: rgb(51, 51, 51);"><div class="byted-ellipsis"></div></span></div>
      <div class="byted-dropdown-item byted-dropdown-item--down" style="z-index: 10; height: calc(100vh - 0px); display: none;">
        <!---->
      </div>
      <div class="byted-dropdown-item byted-dropdown-item--down" style="z-index: 10; height: calc(100vh - 0px); display: none;">
        <!---->
      </div>
    </div>
  </div>
  <div>
    <div class="byted-dropdown byted-hairline--top-bottom">
      <div class="byted-dropdown__item"><span class="byted-dropdown__title byted-dropdown__title--down" style="color: rgb(51, 51, 51);"><div class="byted-ellipsis"></div></span></div>
      <div class="byted-dropdown__item"><span class="byted-dropdown__title byted-dropdown__title--down" style="color: rgb(51, 51, 51);"><div class="byted-ellipsis"></div></span></div>
      <div class="byted-dropdown-item byted-dropdown-item--up" style="z-index: 10; height: calc(100vh - 0px); transform: translate3d(0, -100%, 0); display: none;">
        <!---->
      </div>
      <div class="byted-dropdown-item byted-dropdown-item--up" style="z-index: 10; height: calc(100vh - 0px); transform: translate3d(0, -100%, 0); display: none;">
        <!---->
      </div>
    </div>
  </div>
  <div>
    <div class="byted-dropdown byted-hairline--top-bottom">
      <div class="byted-dropdown__item"><span class="byted-dropdown__title" style="color: rgb(51, 51, 51);"><div class="byted-ellipsis"></div></span></div>
      <div class="byted-dropdown__item"><span class="byted-dropdown__title" style="color: rgb(51, 51, 51);"><div class="byted-ellipsis"></div></span></div>
      <div class="byted-dropdown-item byted-dropdown-item--down" style="z-index: 10; height: calc(100vh - 0px); display: none;">
        <!---->
      </div>
      <div class="byted-dropdown-item byted-dropdown-item--down" style="z-index: 10; height: calc(100vh - 0px); display: none;">
        <!---->
      </div>
    </div>
  </div>
  <div>
    <div class="byted-dropdown byted-hairline--top-bottom">
      <div class="byted-dropdown__item"><span class="title-slot"></span></div>
      <div class="byted-dropdown-item byted-dropdown-item--down" style="z-index: 10; height: calc(100vh - 0px); display: none;">
        <!---->
      </div>
    </div>
  </div>
  <div>
    <div class="byted-dropdown byted-hairline--top-bottom">
      <div class="byted-dropdown__item byted-dropdown__item--disabled"><span class="byted-dropdown__title" style="color: rgb(51, 51, 51);"><div class="byted-ellipsis"></div></span></div>
      <div class="byted-dropdown__item byted-dropdown__item--disabled"><span class="byted-dropdown__title" style="color: rgb(51, 51, 51);"><div class="byted-ellipsis"></div></span></div>
      <div class="byted-dropdown-item byted-dropdown-item--down" style="z-index: 10; height: calc(100vh - 0px); display: none;">
        <!---->
      </div>
      <div class="byted-dropdown-item byted-dropdown-item--down" style="z-index: 10; height: calc(100vh - 0px); display: none;">
        <!---->
      </div>
    </div>
  </div>
</div>
`;
