// Jest Snapshot v1, https://goo.gl/fbAQLP

exports[`renders demo correctly 1`] = `
<div class="demo">
  <div class="o-header--wrapper">
    <div class="o-header o-header--default o-header--fixed o-hairline--bottom">
      <div class="o-header__left"><i class="o-header__icon" style="width: 1.2rem; height: 1.2rem;">test-file-stub</i></div>
      <div class="o-header__title">
        <div></div>
      </div>
      <div class="o-header__right"></div>
    </div>
  </div>
  <div>
    <div class="o-dropdown o-hairline--top-bottom">
      <div class="o-dropdown__item"><span class="o-dropdown__title" style="color: rgb(51, 51, 51);"><div class="o-ellipsis"></div></span></div>
      <div class="o-dropdown__item"><span class="o-dropdown__title" style="color: rgb(51, 51, 51);"><div class="o-ellipsis"></div></span></div>
      <div class="o-dropdown-item o-dropdown-item--down" style="z-index: 10; height: calc(100vh - 0px); display: none;">
        <!---->
      </div>
      <div class="o-dropdown-item o-dropdown-item--down" style="z-index: 10; height: calc(100vh - 0px); display: none;">
        <!---->
      </div>
    </div>
  </div>
  <div>
    <div class="o-dropdown o-hairline--top-bottom">
      <div class="o-dropdown__item"><span class="o-dropdown__title o-dropdown__title--down" style="color: rgb(51, 51, 51);"><div class="o-ellipsis"></div></span></div>
      <div class="o-dropdown__item"><span class="o-dropdown__title o-dropdown__title--down" style="color: rgb(51, 51, 51);"><div class="o-ellipsis"></div></span></div>
      <div class="o-dropdown-item o-dropdown-item--up" style="z-index: 10; height: calc(100vh - 0px); transform: translate3d(0, -100%, 0); display: none;">
        <!---->
      </div>
      <div class="o-dropdown-item o-dropdown-item--up" style="z-index: 10; height: calc(100vh - 0px); transform: translate3d(0, -100%, 0); display: none;">
        <!---->
      </div>
    </div>
  </div>
  <div>
    <div class="o-dropdown o-hairline--top-bottom">
      <div class="o-dropdown__item"><span class="o-dropdown__title" style="color: rgb(51, 51, 51);"><div class="o-ellipsis"></div></span></div>
      <div class="o-dropdown__item"><span class="o-dropdown__title" style="color: rgb(51, 51, 51);"><div class="o-ellipsis"></div></span></div>
      <div class="o-dropdown-item o-dropdown-item--down" style="z-index: 10; height: calc(100vh - 0px); display: none;">
        <!---->
      </div>
      <div class="o-dropdown-item o-dropdown-item--down" style="z-index: 10; height: calc(100vh - 0px); display: none;">
        <!---->
      </div>
    </div>
  </div>
  <div>
    <div class="o-dropdown o-hairline--top-bottom">
      <div class="o-dropdown__item"><span class="title-slot"></span></div>
      <div class="o-dropdown-item o-dropdown-item--down" style="z-index: 10; height: calc(100vh - 0px); display: none;">
        <!---->
      </div>
    </div>
  </div>
  <div>
    <div class="o-dropdown o-hairline--top-bottom">
      <div class="o-dropdown__item o-dropdown__item--disabled"><span class="o-dropdown__title" style="color: rgb(51, 51, 51);"><div class="o-ellipsis"></div></span></div>
      <div class="o-dropdown__item o-dropdown__item--disabled"><span class="o-dropdown__title" style="color: rgb(51, 51, 51);"><div class="o-ellipsis"></div></span></div>
      <div class="o-dropdown-item o-dropdown-item--down" style="z-index: 10; height: calc(100vh - 0px); display: none;">
        <!---->
      </div>
      <div class="o-dropdown-item o-dropdown-item--down" style="z-index: 10; height: calc(100vh - 0px); display: none;">
        <!---->
      </div>
    </div>
  </div>
</div>
`;
