// Jest Snapshot v1, https://goo.gl/fbAQLP

exports[`Header should render left/right slot and match snapshot 1`] = `
<div class="o-header o-header--default o-hairline--bottom">
  <div class="o-header__left">Custom Left</div>
  <div class="o-header__title">Title</div>
  <div class="o-header__right">Custom Right</div>
</div>
`;

exports[`Header should render title slot and match snapshot 1`] = `
<div class="o-header o-header--default o-hairline--bottom">
  <div class="o-header__left"><i class="o-header__icon" style="width: 1.2rem; height: 1.2rem;">test-file-stub</i></div>
  <div class="o-header__right"></div>
</div>
`;
