// Jest Snapshot v1, https://goo.gl/fbAQLP

exports[`ImagePreview components 1`] = `
<transition-stub name="o-fade" style="z-index: 2003;">
  <div class="o-image-preview">
    <div class="o-image-preview__swipe">
      <div class="o-image-preview__item"><img src="test-file-stub" class="o-image-preview__image"></div>
      <div class="o-image-preview__item" style="top: 0px; left: 0px;"><img src="test-file-stub" class="o-image-preview__image"></div>
      <div class="o-image-preview__item"><img src="test-file-stub" class="o-image-preview__image"></div>
      <div class="o-image-preview__item"><img src="test-file-stub" class="o-image-preview__image"></div>
    </div>
    <div class="o-image-preview__indicators"><i class="o-image-preview__indicator-item"></i><i class="o-image-preview__indicator-item o-image-preview__indicator-item--active"></i><i class="o-image-preview__indicator-item"></i><i class="o-image-preview__indicator-item"></i></div>
  </div>
</transition-stub>
`;
