// Jest Snapshot v1, https://goo.gl/fbAQLP

exports[`renders demo correctly 1`] = `
<div class="demo loading">
  <div class="o-header--wrapper">
    <div class="o-header o-header--default o-header--fixed o-hairline--bottom">
      <div class="o-header__left"><i class="o-header__icon" style="width: 1.2rem; height: 1.2rem;">test-file-stub</i></div>
      <div class="o-header__title">
        <div></div>
      </div>
      <div class="o-header__right"></div>
    </div>
  </div>
  <div>
    <div class="o-row">
      <div class="o-col o-col--12">
        <div class="o-loading"><i class="o-loading__icon o-loading-circle">test-file-stub</i></div>
      </div>
    </div>
  </div>
  <div>
    <div class="o-row o-row--flex o-row--align-center">
      <div class="o-col o-col--12">
        <div class="o-loading"><i class="o-loading__icon o-loading-circle">test-file-stub</i></div>
      </div>
    </div>
  </div>
  <div>
    <div class="o-loading o-loading--vertical"><i class="o-loading__icon o-loading-circle">test-file-stub</i>
      <div class="o-loading__text"> 加载中... </div>
    </div>
  </div>
  <div>
    <div class="o-row">
      <div class="o-col o-col--12">
        <div class="o-loading"><i class="o-loading__icon o-loading-circle" style="width: 1.2rem; height: 1.2rem;">test-file-stub</i></div>
      </div>
    </div>
  </div>
  <div>
    <div class="o-loading"><i class="o-loading__icon o-loading-circle">test-file-stub</i></div>
    <div class="o-loading" style="margin-left: 16px;"><i class="o-loading__icon o-loading-circle">test-file-stub</i></div>
  </div>
</div>
`;
