// Jest Snapshot v1, https://goo.gl/fbAQLP

exports[`renders demo correctly 1`] = `
<div class="demo">
  <div class="byted-header--wrapper">
    <div class="byted-header byted-header--default byted-header--fixed byted-hairline--bottom">
      <div class="byted-header__left"><i class="byted-header__icon" style="width: 1.2rem; height: 1.2rem;">test-file-stub</i></div>
      <div class="byted-header__title">
        <div></div>
      </div>
      <div class="byted-header__right"></div>
    </div>
  </div>
  <div>
    <div class="byted-notice-bar byted-notice-bar--primary"><i class="byted-notice-bar__left byted-notice-bar__left--icon">test-file-stub</i>
      <div class="byted-notice-bar__content"></div>
    </div>
    <div class="byted-notice-bar byted-notice-bar--success"><i class="byted-notice-bar__left byted-notice-bar__left--icon">test-file-stub</i>
      <div class="byted-notice-bar__content"></div>
    </div>
    <div class="byted-notice-bar byted-notice-bar--warning"><i class="byted-notice-bar__left byted-notice-bar__left--icon">test-file-stub</i>
      <div class="byted-notice-bar__content"></div>
    </div>
    <div class="byted-notice-bar byted-notice-bar--danger"><i class="byted-notice-bar__left byted-notice-bar__left--icon">test-file-stub</i>
      <div class="byted-notice-bar__content"></div>
    </div>
  </div>
  <div>
    <div class="byted-notice-bar byted-notice-bar--warning"><i class="byted-notice-bar__left byted-notice-bar__left--icon">test-file-stub</i>
      <div class="byted-notice-bar__content"></div>
    </div>
  </div>
  <div>
    <div class="byted-notice-bar byted-notice-bar--warning">
      <div class="byted-notice-bar__left"><img src="../icon/horn.svg" width="16px" height="16px" alt=""></div>
      <div class="byted-notice-bar__content byted-notice-bar__content--right"></div><i class="byted-notice-bar__right byted-notice-bar__right--icon">test-file-stub</i>
    </div>
    <div class="byted-notice-bar byted-notice-bar--warning">
      <div class="byted-notice-bar__left"><img src="../icon/horn.svg" width="16px" height="16px" alt=""></div>
      <div class="byted-notice-bar__content"></div>
      <div class="byted-notice-bar__right">
        <div class="byted-button byted-button--text byted-button--normal">button</div>
      </div>
    </div>
  </div>
  <div>
    <div class="byted-notice-bar byted-notice-bar--primary"><i class="byted-notice-bar__left byted-notice-bar__left--icon">test-file-stub</i>
      <div class="byted-notice-bar__content byted-notice-bar__content--right"></div><i class="byted-notice-bar__right byted-notice-bar__right--icon">test-file-stub</i>
    </div>
  </div>
</div>
`;
