// Jest Snapshot v1, https://goo.gl/fbAQLP

exports[`NoticeBar base NoticeBar 1`] = `
<div class="o-notice-bar o-notice-bar--warning"><i class="o-notice-bar__left o-notice-bar__left--icon">test-file-stub</i>
  <div class="o-notice-bar__content">text</div>
</div>
`;

exports[`NoticeBar icon slot 1`] = `
<div class="o-notice-bar o-notice-bar--warning">
  <div class="o-notice-bar__left">Custom Left Icon</div>
  <div class="o-notice-bar__content">
    Content
  </div>
  <div class="o-notice-bar__right">Custom Right Icon</div>
</div>
`;
