// Jest Snapshot v1, https://goo.gl/fbAQLP

exports[`renders demo correctly 1`] = `
<div class="demo progress">
  <div class="o-header--wrapper">
    <div class="o-header o-header--default o-header--fixed o-hairline--bottom">
      <div class="o-header__left"><i class="o-header__icon" style="width: 1.2rem; height: 1.2rem;">test-file-stub</i></div>
      <div class="o-header__title">
        <div></div>
      </div>
      <div class="o-header__right"></div>
    </div>
  </div>
  <div>
    <div class="o-progress">
      <div class="o-progress__portion" style="height: 4px; border-radius: 2px;">
        <div class="o-progress__portioncon" style="width: 60%; border-radius: 2px; background-color: rgb(2, 120, 255);"></div>
      </div><span class="o-progress__pivot">60%</span>
    </div>
  </div>
  <div>
    <div class="o-progress">
      <div class="o-progress__portion o-progress__portion--semectite" style="height: 4px; border-radius: 2px;">
        <div class="o-progress__portioncon o-progress__portioncon--semectite" style="width: 60%; border-radius: 2px;"></div>
      </div><span class="o-progress__pivot o-progress__pivot--semectite">60%</span>
    </div>
  </div>
  <div>
    <div class="o-progress o-progress--text-in-middle">
      <div class="o-progress__portion" style="height: 4px; border-radius: 2px;">
        <div class="o-progress__portioncon" style="width: 60%; border-radius: 2px; background-color: rgb(2, 120, 255);">
          <div class="o-progress__pivot-middle" style="background-color: rgb(2, 120, 255);">60%</div>
        </div>
      </div>
    </div>
    <div class="o-progress o-progress--text-in-middle">
      <div class="o-progress__portion" style="height: 4px; border-radius: 2px;">
        <div class="o-progress__portioncon" style="width: 60%; border-radius: 2px; background-color: rgb(246, 86, 86);">
          <div class="o-progress__pivot-middle" style="background-color: rgb(246, 86, 86);">60%</div>
        </div>
      </div>
    </div>
    <div class="o-progress o-progress--text-in-middle">
      <div class="o-progress__portion" style="height: 4px; border-radius: 2px;">
        <div class="o-progress__portioncon" style="width: 100%; border-radius: 2px; background-color: rgb(106, 191, 64);">
          <div class="o-progress__pivot-middle" style="background-color: rgb(106, 191, 64);">100%</div>
        </div>
      </div>
    </div>
  </div>
</div>
`;
