// Jest Snapshot v1, https://goo.gl/fbAQLP

exports[`renders demo correctly 1`] = `
<div class="demo radio">
  <div class="o-header--wrapper">
    <div class="o-header o-header--default o-header--fixed o-hairline--bottom">
      <div class="o-header__left"><i class="o-header__icon" style="width: 1.2rem; height: 1.2rem;">test-file-stub</i></div>
      <div class="o-header__title">
        <div></div>
      </div>
      <div class="o-header__right"></div>
    </div>
  </div>
  <div style="padding-left: 0.8rem;">
    <div class="o-radio-group"><label class="o-radio o-radio--normal  o-radio--checked" style="margin-right: 1rem;"><i class="o-icon o-icon--check-one o-radio__icon">test-file-stub</i><span class="o-radio__label">  1 </span><input type="radio" class="o-radio__input" value="1"></label> <label class="o-radio o-radio--normal"><i class="o-radio__icon"></i><span class="o-radio__label">  2 </span><input type="radio" class="o-radio__input" value="2"></label></div>
  </div>
  <div style="padding-left: 0.8rem;">
    <div class="o-radio-group"><label class="o-radio o-radio--normal  o-radio--disabled o-radio--checked" style="margin-right: 1rem;"><i class="o-icon o-icon--radio o-radio__icon">test-file-stub</i><span class="o-radio__label">  1 </span><input type="radio" disabled="disabled" class="o-radio__input" value="1"></label> <label class="o-radio o-radio--normal  o-radio--disabled"><i class="o-icon o-icon--radio-uncheck o-radio__icon"></i><span class="o-radio__label">  2 </span><input type="radio" disabled="disabled" class="o-radio__input" value="2"></label></div>
  </div>
  <div style="padding-left: 0.8rem;">
    <div class="o-radio-group"><label class="o-radio o-radio--small  o-radio--checked" style="display: flex;"><i class="o-icon o-icon--radio o-radio__icon">test-file-stub</i><span class="o-radio__label">  1 </span><input type="radio" class="o-radio__input" value="1"></label> <label class="o-radio o-radio--normal" style="display: flex, margin-bottom: 20px;"><i class="o-icon o-icon--radio-uncheck o-radio__icon"></i><span class="o-radio__label">
         2
      </span><input type="radio" class="o-radio__input" value="2"></label> <label class="o-radio o-radio--large" style="display: flex;"><i class="o-icon o-icon--radio-uncheck o-radio__icon"></i><span class="o-radio__label">  3 </span><input type="radio" class="o-radio__input" value="3"></label></div>
  </div>
  <div style="padding: 0px 0.8rem 0px 0.8rem;">
    <div class="o-radio-group">
      <div class="o-cell o-cell--clickable o-cell--normal" style="padding: 2px 9px;">
        <div class="o-cell__value o-cell__value--alone"><label class="o-radio o-radio--normal" style="padding-right: 220px;"><i class="o-icon o-icon--radio-uncheck o-radio__icon"></i><span class="o-radio__label"> 1</span><input type="radio" class="o-radio__input" value="1"></label></div>
      </div>
      <div class="o-cell o-cell--clickable o-cell--normal" style="padding: 2px 9px;">
        <div class="o-cell__value o-cell__value--alone"><label class="o-radio o-radio--normal" style="padding-right: 220px;"><i class="o-icon o-icon--radio-uncheck o-radio__icon"></i><span class="o-radio__label"> 2</span><input type="radio" class="o-radio__input" value="2"></label></div>
      </div>
    </div>
  </div>
  <div class="dome-size">
    <div class="dome-size-content"><span class="dome-size-content_title">尺寸</span>
      <div class="dome-size-content_slider">
        <div class="dome-slider">
          <div class="dome-slider-container">
            <div class="popover" style="display: none;"><span class="content">normal</span>
              <div class="popover-arrow"></div>
            </div>
            <div class="dome-slider-button" style="left: 50%;"></div>
            <div class="dome-slider-active" style="width: 50%;"></div>
            <div class="slider-stop slider-stop-active" style="left: 0px;"></div>
            <div class="slider-stop slider-stop-active" style="left: 50%;"></div>
            <div class="slider-stop" style="left: 100%;"></div>
          </div>
        </div>
      </div>
    </div>
    <div class="dome-size-icon"><img src="test-file-stub" alt="" class="svg-icon-close" style="display: none;"> <img src="test-file-stub" alt="" class="svg-icon-transfer"></div>
  </div>
</div>
`;
