// Jest Snapshot v1, https://goo.gl/fbAQLP

exports[`radio render basic Usage 1`] = `<div class="byted-radio-group"><label class="byted-radio byted-radio--normal byted-radio--checked"><i class="byted-icon byted-icon--check-one byted-radio__icon">test-file-stub</i><span class="byted-radio__label">单选框 1</span><input type="radio" class="byted-radio__input" value="1"></label> <label class="byted-radio byted-radio--normal"><i class="byted-radio__icon"></i><span class="byted-radio__label">单选框 2</span><input type="radio" class="byted-radio__input" value="2"></label> <label class="byted-radio byted-radio--normal"><i class="byted-radio__icon"></i><span class="byted-radio__label">单选框 3</span><input type="radio" class="byted-radio__input" value="3"></label></div>`;

exports[`radio render disabled Usage 1`] = `<div class="byted-radio-group"><label class="byted-radio byted-radio--normal byted-radio--disabled byted-radio--checked"><i class="byted-icon byted-icon--check-one byted-radio__icon">test-file-stub</i><span class="byted-radio__label">单选框 1</span><input type="radio" disabled="disabled" class="byted-radio__input" value="1"></label> <label class="byted-radio byted-radio--normal byted-radio--disabled"><i class="byted-radio__icon"></i><span class="byted-radio__label">单选框 2</span><input type="radio" disabled="disabled" class="byted-radio__input" value="2"></label> <label class="byted-radio byted-radio--normal byted-radio--disabled"><i class="byted-radio__icon"></i><span class="byted-radio__label">单选框 3</span><input type="radio" disabled="disabled" class="byted-radio__input" value="3"></label></div>`;
