// Jest Snapshot v1, https://goo.gl/fbAQLP

exports[`radio render basic Usage 1`] = `<div class="o-radio-group"><label class="o-radio o-radio--normal  o-radio--checked"><i class="o-icon o-icon--check-one o-radio__icon">test-file-stub</i><span class="o-radio__label">单选框 1</span><input type="radio" class="o-radio__input" value="1"></label> <label class="o-radio o-radio--normal"><i class="o-radio__icon"></i><span class="o-radio__label">单选框 2</span><input type="radio" class="o-radio__input" value="2"></label> <label class="o-radio o-radio--normal"><i class="o-radio__icon"></i><span class="o-radio__label">单选框 3</span><input type="radio" class="o-radio__input" value="3"></label></div>`;

exports[`radio render disabled Usage 1`] = `<div class="o-radio-group"><label class="o-radio o-radio--normal  o-radio--disabled o-radio--checked"><i class="o-icon o-icon--check-one o-radio__icon">test-file-stub</i><span class="o-radio__label">单选框 1</span><input type="radio" disabled="disabled" class="o-radio__input" value="1"></label> <label class="o-radio o-radio--normal  o-radio--disabled"><i class="o-radio__icon"></i><span class="o-radio__label">单选框 2</span><input type="radio" disabled="disabled" class="o-radio__input" value="2"></label> <label class="o-radio o-radio--normal  o-radio--disabled"><i class="o-radio__icon"></i><span class="o-radio__label">单选框 3</span><input type="radio" disabled="disabled" class="o-radio__input" value="3"></label></div>`;
