// Jest Snapshot v1, https://goo.gl/fbAQLP

exports[`Search slot 1`] = `
<div class="o-search">
  <div class="o-search__left">left slot</div>
  <div class="o-search__content">
    <div class="o-search__icon-slot-box">icon slot</div>
    <div class="o-field o-field--normal o-field--input">
      <div class="o-field__body"><input type="text" placeholder="请输入内容" class="o-field__input o-field__item"></div>
    </div>
  </div>
  <div class="o-search__right">right slot</div>
</div>
`;
