// Jest Snapshot v1, https://goo.gl/fbAQLP

exports[`renders demo correctly 1`] = `
<div class="demo">
  <div class="byted-header--wrapper">
    <div class="byted-header byted-header--default byted-header--fixed byted-hairline--bottom">
      <div class="byted-header__left"><i class="byted-header__icon" style="width: 1.2rem; height: 1.2rem;">test-file-stub</i></div>
      <div class="byted-header__title">
        <div></div>
      </div>
      <div class="byted-header__right"></div>
    </div>
  </div>
  <div>
    <div class="byted-slider">
      <div class="byted-slider__bar" style="width: 50%;">
        <div class="byted-slider__bar__wrapper">
          <div class="byted-slider__button"></div>
        </div>
      </div>
    </div>
  </div>
  <div>
    <div class="byted-slider">
      <div class="byted-slider__bar" style="width: 50%;">
        <div class="byted-slider__bar__wrapper">
          <div class="byted-slider__button"></div>
        </div>
      </div>
    </div>
  </div>
  <div>
    <div class="byted-slider">
      <div class="byted-slider__bar" style="width: 50%;">
        <div class="byted-slider__bar__wrapper">
          <div class="byted-slider__button"></div>
        </div>
      </div>
    </div>
  </div>
  <div>
    <div class="byted-slider">
      <div class="byted-slider__bar" style="width: 40%;">
        <div class="byted-slider__bar__wrapper">
          <div class="byted-slider__button"></div>
        </div>
      </div>
    </div>
  </div>
  <div>
    <div class="byted-slider byted-slider--disabled">
      <div class="byted-slider__bar" style="width: 50%;">
        <div class="byted-slider__bar__wrapper">
          <div class="byted-slider__button"></div>
        </div>
      </div>
    </div>
  </div>
</div>
`;
