// Jest Snapshot v1, https://goo.gl/fbAQLP

exports[`Steps horizontal step 1`] = `
<div class="o-steps o-steps--horizontal o-steps--label-horizontal">
  <div class="o-step o-step--horizontal o-step--md o-step--finished o-step--active">
    <div class="o-step__head"><i class="o-icon o-icon--check-one o-step__icon">test-file-stub</i><span class="o-step__title">已完成</span></div>
    <div class="o-step__split-panel"></div>
  </div>
  <div class="o-step o-step--horizontal o-step--md o-step--inProgress">
    <div class="o-step__head"><span class="o-step__icon-number">2</span><span class="o-step__title">进行中</span></div>
    <div class="o-step__split-panel"></div>
  </div>
  <div class="o-step o-step--horizontal o-step--md o-step--waiting">
    <div class="o-step__head"><span class="o-step__icon-number">3</span><span class="o-step__title">待完成</span></div>
    <div class="o-step__split-panel"></div>
  </div>
  <div class="o-step o-step--horizontal o-step--md o-step--error">
    <div class="o-step__head"><span class="o-step__icon-number">4</span><span class="o-step__title">未完成</span></div>
  </div>
</div>
`;
