// Jest Snapshot v1, https://goo.gl/fbAQLP

exports[`renders demo correctly 1`] = `
<div class="demo step">
  <div class="o-header--wrapper">
    <div class="o-header o-header--default o-header--fixed o-hairline--bottom">
      <div class="o-header__left"><i class="o-header__icon" style="width: 1.2rem; height: 1.2rem;">test-file-stub</i></div>
      <div class="o-header__title">
        <div></div>
      </div>
      <div class="o-header__right"></div>
    </div>
  </div>
  <div>
    <div class="bui-doc-demo-block__card">
      <div class="o-cell o-cell--normal">
        <div class="o-cell__title"><span></span></div>
        <div class="o-stepper">
          <div class="o-stepper__decrease o-stepper__crease o-stepper__crease--normal"><svg viewBox="0 0 48 48" xmlns="http://www.w3.org/2000/svg" class="o-stepper__desvg o-stepper__desvg--normal">
              <path fill-rule="evenodd" clip-rule="evenodd" d="M8.5 24c0-1.1.9-2 2-2h28a2 2 0 110 4h-28a2 2 0 01-2-2z"></path>
            </svg></div>
          <div class="o-stepper__number o-stepper__number--normal"><input type="number" class="o-stepper__input">1</div>
          <div class="o-stepper__increase o-stepper__crease o-stepper__crease--normal"><svg viewBox="0 0 48 48" xmlns="http://www.w3.org/2000/svg" class="o-stepper__insvg o-stepper__insvg--normal">
              <path fill-rule="evenodd" clip-rule="evenodd" d="M26.06 10a2 2 0 00-4 0l-.01 12H10a2 2 0 100 4h12.04l-.02 12a2 2 0 004 0l.02-12H38a2 2 0 100-4H26.05l.01-12z"></path>
            </svg></div>
        </div>
      </div>
    </div>
    <div class="bui-doc-demo-block__card">
      <div class="o-cell o-cell--normal">
        <div class="o-cell__title"><span></span></div>
        <div class="o-stepper">
          <div class="o-stepper__decrease o-stepper__crease o-stepper__crease--normal"><svg viewBox="0 0 48 48" xmlns="http://www.w3.org/2000/svg" class="o-stepper__desvg o-stepper__desvg--normal">
              <path fill-rule="evenodd" clip-rule="evenodd" d="M8.5 24c0-1.1.9-2 2-2h28a2 2 0 110 4h-28a2 2 0 01-2-2z"></path>
            </svg></div>
          <div class="o-stepper__number o-stepper__number--normal"><input type="number" class="o-stepper__input">1</div>
          <div class="o-stepper__increase o-stepper__crease o-stepper__crease--normal"><svg viewBox="0 0 48 48" xmlns="http://www.w3.org/2000/svg" class="o-stepper__insvg o-stepper__insvg--normal">
              <path fill-rule="evenodd" clip-rule="evenodd" d="M26.06 10a2 2 0 00-4 0l-.01 12H10a2 2 0 100 4h12.04l-.02 12a2 2 0 004 0l.02-12H38a2 2 0 100-4H26.05l.01-12z"></path>
            </svg></div>
        </div>
      </div>
    </div>
    <div class="bui-doc-demo-block__card">
      <div class="o-cell o-cell--normal">
        <div class="o-cell__title"><span></span></div>
        <div class="o-stepper">
          <div class="o-stepper__decrease o-stepper__crease o-stepper__crease--normal"><svg viewBox="0 0 48 48" xmlns="http://www.w3.org/2000/svg" class="o-stepper__desvg o-stepper__desvg--normal">
              <path fill-rule="evenodd" clip-rule="evenodd" d="M8.5 24c0-1.1.9-2 2-2h28a2 2 0 110 4h-28a2 2 0 01-2-2z"></path>
            </svg></div>
          <div class="o-stepper__number o-stepper__number--normal"><input type="number" class="o-stepper__input">3</div>
          <div class="o-stepper__increase o-stepper__crease o-stepper__crease--normal"><svg viewBox="0 0 48 48" xmlns="http://www.w3.org/2000/svg" class="o-stepper__insvg o-stepper__insvg--normal">
              <path fill-rule="evenodd" clip-rule="evenodd" d="M26.06 10a2 2 0 00-4 0l-.01 12H10a2 2 0 100 4h12.04l-.02 12a2 2 0 004 0l.02-12H38a2 2 0 100-4H26.05l.01-12z"></path>
            </svg></div>
        </div>
      </div>
    </div>
    <div class="bui-doc-demo-block__card">
      <div class="o-cell o-cell--normal">
        <div class="o-cell__title"><span></span></div>
        <div class="o-stepper">
          <div class="o-stepper__decrease o-stepper__crease o-stepper__crease--large"><svg viewBox="0 0 48 48" xmlns="http://www.w3.org/2000/svg" class="o-stepper__desvg o-stepper__desvg--large">
              <path fill-rule="evenodd" clip-rule="evenodd" d="M8.5 24c0-1.1.9-2 2-2h28a2 2 0 110 4h-28a2 2 0 01-2-2z"></path>
            </svg></div>
          <div class="o-stepper__number o-stepper__number--large"><input type="number" class="o-stepper__input">1</div>
          <div class="o-stepper__increase o-stepper__crease o-stepper__crease--large"><svg viewBox="0 0 48 48" xmlns="http://www.w3.org/2000/svg" class="o-stepper__insvg o-stepper__insvg--large">
              <path fill-rule="evenodd" clip-rule="evenodd" d="M26.06 10a2 2 0 00-4 0l-.01 12H10a2 2 0 100 4h12.04l-.02 12a2 2 0 004 0l.02-12H38a2 2 0 100-4H26.05l.01-12z"></path>
            </svg></div>
        </div>
      </div>
    </div>
    <div class="bui-doc-demo-block__card">
      <div class="o-cell o-cell--normal">
        <div class="o-cell__title"><span></span></div>
        <div class="o-stepper">
          <div class="o-stepper__decrease o-stepper__crease o-stepper__crease--normal o-stepper__crease--disabled"><svg viewBox="0 0 48 48" xmlns="http://www.w3.org/2000/svg" class="o-stepper__desvg o-stepper__desvg--normal o-stepper__disable">
              <path fill-rule="evenodd" clip-rule="evenodd" d="M8.5 24c0-1.1.9-2 2-2h28a2 2 0 110 4h-28a2 2 0 01-2-2z"></path>
            </svg></div>
          <div class="o-stepper__number o-stepper__number--normal o-stepper__number--disabled"><input type="number" class="o-stepper__input">1</div>
          <div class="o-stepper__increase o-stepper__crease o-stepper__crease--normal o-stepper__crease--disabled"><svg viewBox="0 0 48 48" xmlns="http://www.w3.org/2000/svg" class="o-stepper__insvg o-stepper__insvg--normal o-stepper__disable">
              <path fill-rule="evenodd" clip-rule="evenodd" d="M26.06 10a2 2 0 00-4 0l-.01 12H10a2 2 0 100 4h12.04l-.02 12a2 2 0 004 0l.02-12H38a2 2 0 100-4H26.05l.01-12z"></path>
            </svg></div>
        </div>
      </div>
    </div>
  </div>
  <div class="dome-size">
    <div class="dome-size-content"><span class="dome-size-content_title">尺寸</span>
      <div class="dome-size-content_slider">
        <div class="dome-slider">
          <div class="dome-slider-container">
            <div class="popover" style="display: none;"><span class="content">normal</span>
              <div class="popover-arrow"></div>
            </div>
            <div class="dome-slider-button" style="left: 50%;"></div>
            <div class="dome-slider-active" style="width: 50%;"></div>
            <div class="slider-stop slider-stop-active" style="left: 0px;"></div>
            <div class="slider-stop slider-stop-active" style="left: 50%;"></div>
            <div class="slider-stop" style="left: 100%;"></div>
          </div>
        </div>
      </div>
    </div>
    <div class="dome-size-icon"><img src="test-file-stub" alt="" class="svg-icon-close" style="display: none;"> <img src="test-file-stub" alt="" class="svg-icon-transfer"></div>
  </div>
</div>
`;
