// Jest Snapshot v1, https://goo.gl/fbAQLP

exports[`renders demo correctly 1`] = `
<div class="demo swipe-cell">
  <div class="o-header--wrapper">
    <div class="o-header o-header--default o-header--fixed o-hairline--bottom">
      <div class="o-header__left"><i class="o-header__icon" style="width: 1.2rem; height: 1.2rem;">test-file-stub</i></div>
      <div class="o-header__title">
        <div></div>
      </div>
      <div class="o-header__right"></div>
    </div>
  </div>
  <div>
    <div class="swipe-cell-content">
      <div class="o-swipe-cell">
        <div class="o-swipe-cell__wrapper" style="transform: translate3d(0px, 0, 0); transition: .6s cubic-bezier(0.18, 0.89, 0.32, 1);">
          <div class="o-swipe-cell__left">
            <div class="o-button o-button--primary o-button--normal o-button--square"></div>
          </div>
          <div class="o-cell">
            <div class="o-cell__title"><span></span></div>
            <div class="o-cell__value o-cell__value--alone"><span></span></div>
          </div>
        </div>
      </div>
      <div class="o-swipe-cell">
        <div class="o-swipe-cell__wrapper" style="transform: translate3d(0px, 0, 0); transition: .6s cubic-bezier(0.18, 0.89, 0.32, 1);">
          <div class="o-swipe-cell__left">
            <div class="o-button o-button--primary o-button--normal o-button--square"></div>
            <div class="o-button o-button--danger o-button--normal o-button--square"></div>
          </div>
          <div class="o-cell">
            <div class="o-cell__title"><span></span></div>
            <div class="o-cell__value o-cell__value--alone"><span></span></div>
          </div>
        </div>
      </div>
      <div class="o-swipe-cell">
        <div class="o-swipe-cell__wrapper" style="transform: translate3d(0px, 0, 0); transition: .6s cubic-bezier(0.18, 0.89, 0.32, 1);">
          <div class="o-cell">
            <div class="o-cell__title"><span></span></div>
            <div class="o-cell__value o-cell__value--alone"><span></span></div>
          </div>
          <div class="o-swipe-cell__right">
            <div class="o-button o-button--primary o-button--normal o-button--square"></div>
          </div>
        </div>
      </div>
    </div>
  </div>
  <div>
    <div class="swipe-cell-content">
      <div class="o-swipe-cell">
        <div class="o-swipe-cell__wrapper" style="transform: translate3d(0px, 0, 0); transition: .6s cubic-bezier(0.18, 0.89, 0.32, 1);">
          <div class="o-swipe-cell__left">
            <div style="width: 40px; height: 100%; display: flex; align-items: center; justify-content: center;"><i class="o-icon o-icon--check" style="fill: #666; width: 24px; height: 24px;">test-file-stub</i></div>
          </div>
          <div class="o-cell">
            <div class="o-cell__title"><span></span></div>
            <div class="o-cell__value o-cell__value--alone"><span></span></div>
          </div>
        </div>
      </div>
      <div class="o-swipe-cell">
        <div class="o-swipe-cell__wrapper" style="transform: translate3d(0px, 0, 0); transition: .6s cubic-bezier(0.18, 0.89, 0.32, 1);">
          <div class="o-swipe-cell__left">
            <div class="left-two">
              <div class="icon-box"><i class="o-icon o-icon--check" style="fill: #666; width: 24px; height: 24px;">test-file-stub</i></div>
              <div class="icon-box"><i class="o-icon o-icon--arrow" style="fill: #666; width: 24px; height: 24px;">test-file-stub</i></div>
            </div>
          </div>
          <div class="o-cell">
            <div class="o-cell__title"><span></span></div>
            <div class="o-cell__value o-cell__value--alone"><span></span></div>
          </div>
        </div>
      </div>
      <div class="o-swipe-cell">
        <div class="o-swipe-cell__wrapper" style="transform: translate3d(0px, 0, 0); transition: .6s cubic-bezier(0.18, 0.89, 0.32, 1);">
          <div class="o-cell">
            <div class="o-cell__title"><span></span></div>
            <div class="o-cell__value o-cell__value--alone"><span></span></div>
          </div>
          <div class="o-swipe-cell__right">
            <div style="width: 40px; height: 100%; display: flex; align-items: center; justify-content: center;"><i class="o-icon o-icon--check" style="fill: #666; width: 24px; height: 24px;">test-file-stub</i></div>
          </div>
        </div>
      </div>
    </div>
  </div>
  <div>
    <div class="swipe-cell-content">
      <div class="o-swipe-cell">
        <div class="o-swipe-cell__wrapper" style="transform: translate3d(0px, 0, 0); transition: .6s cubic-bezier(0.18, 0.89, 0.32, 1);">
          <div class="o-cell">
            <div class="o-cell__title"><span></span></div>
            <div class="o-cell__value o-cell__value--alone"><span></span></div>
          </div>
          <div class="o-swipe-cell__right">
            <div class="o-button o-button--danger o-button--normal o-button--square"></div>
          </div>
        </div>
      </div>
    </div>
  </div>
</div>
`;
