// Jest Snapshot v1, https://goo.gl/fbAQLP

exports[`renders demo correctly 1`] = `
<div class="demo tree">
  <div class="o-header--wrapper">
    <div class="o-header o-header--default o-header--fixed o-hairline--bottom">
      <div class="o-header__left"><i class="o-header__icon" style="width: 1.2rem; height: 1.2rem;">test-file-stub</i></div>
      <div class="o-header__title">
        <div></div>
      </div>
      <div class="o-header__right"></div>
    </div>
  </div>
  <div>
    <div class="bui-doc-demo-block__card">
      <div class="o-cell o-cell--clickable">
        <div class="o-cell__title"><span></span></div><i class="o-cell__right-icon">test-file-stub</i>
      </div>
    </div>
    <!---->
  </div>
  <div>
    <div class="bui-doc-demo-block__card">
      <div class="o-cell o-cell--clickable">
        <div class="o-cell__title"><span></span></div><i class="o-cell__right-icon">test-file-stub</i>
      </div>
    </div>
    <!---->
  </div>
  <div>
    <div class="bui-doc-demo-block__card">
      <div class="o-cell o-cell--clickable">
        <div class="o-cell__title"><span></span></div><i class="o-cell__right-icon">test-file-stub</i>
      </div>
    </div>
    <!---->
  </div>
</div>
`;
