// Jest Snapshot v1, https://goo.gl/fbAQLP

exports[`renders demo correctly 1`] = `
<div class="demo upload">
  <div class="o-header--wrapper">
    <div class="o-header o-header--default o-header--fixed o-hairline--bottom">
      <div class="o-header__left"><i class="o-header__icon" style="width: 1.2rem; height: 1.2rem;">test-file-stub</i></div>
      <div class="o-header__title">
        <div></div>
      </div>
      <div class="o-header__right"></div>
    </div>
  </div>
  <div>
    <div class="o-upload">
      <div><input accept="image/png,image/jpeg,image/jpg" type="file" name="Filedata" class="_file-input">
        <div class="o-upload__upload-icon-box upload-box">
          <div class="before-upload-section"><span class="i-icon i-icon-plus" style="line-height: 0;"><svg width="24" height="24" viewBox="0 0 48 48" fill="none"><path d="M24.0607 10L24.024 38" stroke="#999" stroke-width="4" stroke-linecap="round" stroke-linejoin="round"></path><path d="M10 24L38 24" stroke="#999" stroke-width="4" stroke-linecap="round" stroke-linejoin="round"></path></svg></span></div>
          <!---->
          <!---->
        </div>
      </div>
    </div>
  </div>
</div>
`;
